Windows PowerShell
Copyright (C) Microsoft Corporation. All rights reserved.

Install the latest PowerShell for new features and improvements! https://aka.ms/PSWindows

PS C:\Users\bk489> docker pull hello-world
Using default tag: latest
latest: Pulling from library/hello-world
2db29710123e: Pull complete
Digest: sha256:ffb13da98453e0f04d33a6eee5bb8e46ee50d08ebe17735fc0779d0349e889e9
Status: Downloaded newer image for hello-world:latest
docker.io/library/hello-world:latest
PS C:\Users\bk489> docker run hello-world

Hello from Docker!
This message shows that your installation appears to be working correctly.

To generate this message, Docker took the following steps:
 1. The Docker client contacted the Docker daemon.
 2. The Docker daemon pulled the "hello-world" image from the Docker Hub.
    (amd64)
 3. The Docker daemon created a new container from that image which runs the
    executable that produces the output you are currently reading.
 4. The Docker daemon streamed that output to the Docker client, which sent it
    to your terminal.

To try something more ambitious, you can run an Ubuntu container with:
 $ docker run -it ubuntu bash

Share images, automate workflows, and more with a free Docker ID:
 https://hub.docker.com/

For more examples and ideas, visit:
 https://docs.docker.com/get-started/

PS C:\Users\bk489>


PS C:\Users\bk489> docker run -it ubuntu
root@4b1bd432b8ed:/# git --version
bash: git: command not found
root@4b1bd432b8ed:/# sudo apt install git
bash: sudo: command not found
root@4b1bd432b8ed:/# sudo apt install git
bash: sudo: command not found
root@4b1bd432b8ed:/# apt install git
Reading package lists... Done
Building dependency tree... Done
Reading state information... Done
E: Unable to locate package git
root@4b1bd432b8ed:/# git
bash: git: command not found
root@4b1bd432b8ed:/# apt install git
Reading package lists... Done
Building dependency tree... Done
Reading state information... Done
E: Unable to locate package git
root@4b1bd432b8ed:/# apt update
Get:1 http://archive.ubuntu.com/ubuntu jammy InRelease [270 kB]
Get:2 http://security.ubuntu.com/ubuntu jammy-security InRelease [110 kB]
Get:3 http://archive.ubuntu.com/ubuntu jammy-updates InRelease [119 kB]
Get:4 http://security.ubuntu.com/ubuntu jammy-security/restricted amd64 Packages [907 kB]
Get:5 http://archive.ubuntu.com/ubuntu jammy-backports InRelease [108 kB]
Get:6 http://archive.ubuntu.com/ubuntu jammy/universe amd64 Packages [17.5 MB]
Get:7 http://security.ubuntu.com/ubuntu jammy-security/main amd64 Packages [914 kB]
Get:8 http://security.ubuntu.com/ubuntu jammy-security/universe amd64 Packages [908 kB]
Get:9 http://security.ubuntu.com/ubuntu jammy-security/multiverse amd64 Packages [23.2 kB]
Get:10 http://archive.ubuntu.com/ubuntu jammy/restricted amd64 Packages [164 kB]
Get:11 http://archive.ubuntu.com/ubuntu jammy/multiverse amd64 Packages [266 kB]
Get:12 http://archive.ubuntu.com/ubuntu jammy/main amd64 Packages [1792 kB]
Get:13 http://archive.ubuntu.com/ubuntu jammy-updates/restricted amd64 Packages [962 kB]
Get:14 http://archive.ubuntu.com/ubuntu jammy-updates/main amd64 Packages [1251 kB]
Get:15 http://archive.ubuntu.com/ubuntu jammy-updates/universe amd64 Packages [1148 kB]
Get:16 http://archive.ubuntu.com/ubuntu jammy-updates/multiverse amd64 Packages [28.6 kB]
Get:17 http://archive.ubuntu.com/ubuntu jammy-backports/main amd64 Packages [49.0 kB]
Get:18 http://archive.ubuntu.com/ubuntu jammy-backports/universe amd64 Packages [23.3 kB]
Fetched 26.5 MB in 8s (3454 kB/s)
Reading package lists... Done
Building dependency tree... Done
Reading state information... Done
All packages are up to date.
root@4b1bd432b8ed:/# apt install git
Reading package lists... Done
Building dependency tree... Done
Reading state information... Done
The following additional packages will be installed:
  ca-certificates git-man less libbrotli1 libbsd0 libcbor0.8 libcurl3-gnutls libedit2 liberror-perl libexpat1
  libfido2-1 libgdbm-compat4 libgdbm6 libldap-2.5-0 libldap-common libmd0 libnghttp2-14 libperl5.34 libpsl5 librtmp1
  libsasl2-2 libsasl2-modules libsasl2-modules-db libssh-4 libx11-6 libx11-data libxau6 libxcb1 libxdmcp6 libxext6
  libxmuu1 netbase openssh-client openssl patch perl perl-modules-5.34 publicsuffix xauth
Suggested packages:
  gettext-base git-daemon-run | git-daemon-sysvinit git-doc git-email git-gui gitk gitweb git-cvs git-mediawiki
  git-svn gdbm-l10n libsasl2-modules-gssapi-mit | libsasl2-modules-gssapi-heimdal libsasl2-modules-ldap
  libsasl2-modules-otp libsasl2-modules-sql keychain libpam-ssh monkeysphere ssh-askpass ed diffutils-doc perl-doc
  libterm-readline-gnu-perl | libterm-readline-perl-perl make libtap-harness-archive-perl
The following NEW packages will be installed:
  ca-certificates git git-man less libbrotli1 libbsd0 libcbor0.8 libcurl3-gnutls libedit2 liberror-perl libexpat1
  libfido2-1 libgdbm-compat4 libgdbm6 libldap-2.5-0 libldap-common libmd0 libnghttp2-14 libperl5.34 libpsl5 librtmp1
  libsasl2-2 libsasl2-modules libsasl2-modules-db libssh-4 libx11-6 libx11-data libxau6 libxcb1 libxdmcp6 libxext6
  libxmuu1 netbase openssh-client openssl patch perl perl-modules-5.34 publicsuffix xauth
0 upgraded, 40 newly installed, 0 to remove and 0 not upgraded.
Need to get 17.4 MB of archives.
After this operation, 84.0 MB of additional disk space will be used.
Do you want to continue? [Y/n] y
Get:1 http://archive.ubuntu.com/ubuntu jammy-updates/main amd64 perl-modules-5.34 all 5.34.0-3ubuntu1.1 [2976 kB]
Get:2 http://archive.ubuntu.com/ubuntu jammy/main amd64 libgdbm6 amd64 1.23-1 [33.9 kB]
Get:3 http://archive.ubuntu.com/ubuntu jammy/main amd64 libgdbm-compat4 amd64 1.23-1 [6606 B]
Get:4 http://archive.ubuntu.com/ubuntu jammy-updates/main amd64 libperl5.34 amd64 5.34.0-3ubuntu1.1 [4819 kB]
Get:5 http://archive.ubuntu.com/ubuntu jammy-updates/main amd64 perl amd64 5.34.0-3ubuntu1.1 [232 kB]
Get:6 http://archive.ubuntu.com/ubuntu jammy-updates/main amd64 openssl amd64 3.0.2-0ubuntu1.8 [1184 kB]
Get:7 http://archive.ubuntu.com/ubuntu jammy-updates/main amd64 ca-certificates all 20211016ubuntu0.22.04.1 [144 kB]
Get:8 http://archive.ubuntu.com/ubuntu jammy-updates/main amd64 less amd64 590-1ubuntu0.22.04.1 [143 kB]
Get:9 http://archive.ubuntu.com/ubuntu jammy/main amd64 libmd0 amd64 1.0.4-1build1 [23.0 kB]
Get:10 http://archive.ubuntu.com/ubuntu jammy/main amd64 libbsd0 amd64 0.11.5-1 [44.8 kB]
Get:11 http://archive.ubuntu.com/ubuntu jammy-updates/main amd64 libexpat1 amd64 2.4.7-1ubuntu0.2 [91.0 kB]
Get:12 http://archive.ubuntu.com/ubuntu jammy/main amd64 netbase all 6.3 [12.9 kB]
Get:13 http://archive.ubuntu.com/ubuntu jammy/main amd64 libcbor0.8 amd64 0.8.0-2ubuntu1 [24.6 kB]
Get:14 http://archive.ubuntu.com/ubuntu jammy/main amd64 libedit2 amd64 3.1-20210910-1build1 [96.8 kB]
Get:15 http://archive.ubuntu.com/ubuntu jammy/main amd64 libfido2-1 amd64 1.10.0-1 [82.8 kB]
Get:16 http://archive.ubuntu.com/ubuntu jammy/main amd64 libnghttp2-14 amd64 1.43.0-1build3 [76.3 kB]
Get:17 http://archive.ubuntu.com/ubuntu jammy/main amd64 libpsl5 amd64 0.21.0-1.2build2 [58.4 kB]
Get:18 http://archive.ubuntu.com/ubuntu jammy/main amd64 libxau6 amd64 1:1.0.9-1build5 [7634 B]
124 added, 0 removed; done.
Setting up libgdbm-compat4:amd64 (1.23-1) ...
Setting up libx11-6:amd64 (2:1.7.5-1) ...
Setting up libxmuu1:amd64 (2:1.1.3-3) ...
Setting up libperl5.34:amd64 (5.34.0-3ubuntu1.1) ...
Setting up openssh-client (1:8.9p1-3ubuntu0.1) ...
update-alternatives: using /usr/bin/ssh to provide /usr/bin/rsh (rsh) in auto mode
update-alternatives: warning: skip creation of /usr/share/man/man1/rsh.1.gz because associated file /usr/share/man/man1/ssh.1.gz (of link group rsh) doesn't exist
update-alternatives: using /usr/bin/slogin to provide /usr/bin/rlogin (rlogin) in auto mode
update-alternatives: warning: skip creation of /usr/share/man/man1/rlogin.1.gz because associated file /usr/share/man/man1/slogin.1.gz (of link group rlogin) doesn't exist
update-alternatives: using /usr/bin/scp to provide /usr/bin/rcp (rcp) in auto mode
update-alternatives: warning: skip creation of /usr/share/man/man1/rcp.1.gz because associated file /usr/share/man/man1/scp.1.gz (of link group rcp) doesn't exist
Setting up libxext6:amd64 (2:1.3.4-1build1) ...
Setting up libcurl3-gnutls:amd64 (7.81.0-1ubuntu1.10) ...
Setting up perl (5.34.0-3ubuntu1.1) ...
Setting up xauth (1:1.1-1build2) ...
Setting up liberror-perl (0.17029-1) ...
Setting up git (1:2.34.1-1ubuntu1.8) ...
Processing triggers for libc-bin (2.35-0ubuntu3.1) ...
Processing triggers for ca-certificates (20211016ubuntu0.22.04.1) ...
Updating certificates in /etc/ssl/certs...
0 added, 0 removed; done.
Running hooks in /etc/ca-certificates/update.d...
done.
root@4b1bd432b8ed:/# ls
bin  boot  dev  etc  home  lib  lib32  lib64  libx32  media  mnt  opt  proc  root  run  sbin  srv  sys  tmp  usr  var
root@4b1bd432b8ed:/# git clone https://github.com/Derp-108/Doker_lab_Dmytro.git
Cloning into 'Doker_lab_Dmytro'...
remote: Enumerating objects: 4, done.
remote: Counting objects: 100% (4/4), done.
remote: Compressing objects: 100% (3/3), done.
Receiving objects: 100% (4/4), done.
remote: Total 4 (delta 0), reused 4 (delta 0), pack-reused 0
root@4b1bd432b8ed:/# ls
Doker_lab_Dmytro  boot  etc   lib    lib64   media  opt   root  sbin  sys  usr
bin               dev   home  lib32  libx32  mnt    proc  run   srv   tmp  var
root@4b1bd432b8ed:/# exit
exit
PS C:\Users\bk489> docker run -it ubuntu
root@a06acfbc2cdc:/# ls
bin  boot  dev  etc  home  lib  lib32  lib64  libx32  media  mnt  opt  proc  root  run  sbin  srv  sys  tmp  usr  var
root@a06acfbc2cdc:/#